// Jest Snapshot v1, https://goo.gl/fbAQLP

exports[`connectContext Provide & connect, mixin up with own prop 1`] = `
<ContextProvider>
  <Component>
    <ContextProxyComponent
      ownPropMessage="Hello, Provider!"
    >
      <ContextConnector
        @@connectContext.CONNECTOR_CONTEXT_TEMPORARY_CONTEXT_PROP={
          Array [
            Object {
              "message": "Hello, Child!",
            },
            Object {
              "ownPropMessage": "Hello, Provider!",
            },
          ]
        }
      >
        <ContextLowerProxyComponent
          @@connectContext.CONNECTOR_CONTEXT_TEMPORARY_CONTEXT_PROP={
            Array [
              Object {
                "message": "Hello, Child!",
              },
              Object {
                "ownPropMessage": "Hello, Provider!",
              },
            ]
          }
          contextMessage="Hello, Child!"
        >
          <Component
            contextMessage="Hello, Child!"
            ownPropMessage="Hello, Provider!"
          >
            <div>
              Hello, Child!
              ,
              Hello, Provider!
            </div>
          </Component>
        </ContextLowerProxyComponent>
      </ContextConnector>
    </ContextProxyComponent>
  </Component>
</ContextProvider>
`;
